// Jest Snapshot v1, https://goo.gl/fbAQLP

exports[`Main App Loading should match snapshot 1`] = `
<header
  className="MuiPaper-root MuiPaper-elevation0 MuiAppBar-root MuiAppBar-positionFixed makeStyles-appBar-45 MuiAppBar-colorDefault mui-fixed"
>
  <div
    className="MuiToolbar-root MuiToolbar-regular makeStyles-toolbar-46 MuiToolbar-gutters"
  >
    <img
      alt="logo"
      height="36"
      src="/static/images/swvl-new-logo.png"
      width="90"
    />
  </div>
</header>
`;
